python : Sorry: Indenta
tionError: unexpected i
ndent (OmniGenV2_Ablati
on_noDINO.py, line 96)
所在位置 行:1 字符: 61
+ ... ch-Object { pytho
n -m py_compile $_.Full
Name 2>> compile_errors
.txt } ...
+                 ~~~~~
~~~~~~~~~~~~~~~~~~~~~~~
~~~~~~~~~~~~~~~~~~~~~~~
~~~~
    + CategoryInfo     
         : NotSpecifi  
  ed: (Sorry: Indent   
 at...NO.py, line 9    
6):String) [], Rem    o
teException
    + FullyQualifiedEr 
   rorId : NativeComm  
  andError
 
python : Sorry: Indenta
tionError: unexpected i
ndent (OmniGenV2_Ablati
on_noDINO_Aircraft_AR.p
y, line 96)
所在位置 行:1 字符: 61
+ ... ch-Object { pytho
n -m py_compile $_.Full
Name 2>> compile_errors
.txt } ...
+                 ~~~~~
~~~~~~~~~~~~~~~~~~~~~~~
~~~~~~~~~~~~~~~~~~~~~~~
~~~~
    + CategoryInfo     
         : NotSpecifi  
  ed: (Sorry: Indent   
 at...AR.py, line 9    
6):String) [], Rem    o
teException
    + FullyQualifiedEr 
   rorId : NativeComm  
  andError
 
python : Sorry: Indenta
tionError: unexpected i
ndent (OmniGenV2_Ablati
on_noInputDecomp.py, li
ne 96)
所在位置 行:1 字符: 61
+ ... ch-Object { pytho
n -m py_compile $_.Full
Name 2>> compile_errors
.txt } ...
+                 ~~~~~
~~~~~~~~~~~~~~~~~~~~~~~
~~~~~~~~~~~~~~~~~~~~~~~
~~~~
    + CategoryInfo     
         : NotSpecifi  
  ed: (Sorry: Indent   
 at...mp.py, line 9    
6):String) [], Rem    o
teException
    + FullyQualifiedEr 
   rorId : NativeComm  
  andError
 
python : Sorry: Indenta
tionError: unexpected i
ndent (OmniGenV2_Ablati
on_noInputDecomp_Aircra
ft_AR.py, line 96)
所在位置 行:1 字符: 61
+ ... ch-Object { pytho
n -m py_compile $_.Full
Name 2>> compile_errors
.txt } ...
+                 ~~~~~
~~~~~~~~~~~~~~~~~~~~~~~
~~~~~~~~~~~~~~~~~~~~~~~
~~~~
    + CategoryInfo     
         : NotSpecifi  
  ed: (Sorry: Indent   
 at...AR.py, line 9    
6):String) [], Rem    o
teException
    + FullyQualifiedEr 
   rorId : NativeComm  
  andError
 
python : Sorry: Indenta
tionError: unexpected i
ndent (OmniGenV2_Ablati
on_noTAC.py, line 96)
所在位置 行:1 字符: 61
+ ... ch-Object { pytho
n -m py_compile $_.Full
Name 2>> compile_errors
.txt } ...
+                 ~~~~~
~~~~~~~~~~~~~~~~~~~~~~~
~~~~~~~~~~~~~~~~~~~~~~~
~~~~
    + CategoryInfo     
         : NotSpecifi  
  ed: (Sorry: Indent   
 at...AC.py, line 9    
6):String) [], Rem    o
teException
    + FullyQualifiedEr 
   rorId : NativeComm  
  andError
 
python : Sorry: Indenta
tionError: unexpected i
ndent (OmniGenV2_Ablati
on_noTAC_Aircraft_AR.py
, line 96)
所在位置 行:1 字符: 61
+ ... ch-Object { pytho
n -m py_compile $_.Full
Name 2>> compile_errors
.txt } ...
+                 ~~~~~
~~~~~~~~~~~~~~~~~~~~~~~
~~~~~~~~~~~~~~~~~~~~~~~
~~~~
    + CategoryInfo     
         : NotSpecifi  
  ed: (Sorry: Indent   
 at...AR.py, line 9    
6):String) [], Rem    o
teException
    + FullyQualifiedEr 
   rorId : NativeComm  
  andError
 
python : Sorry: Indenta
tionError: unexpected i
ndent (OmniGenV2_Ablati
on_noVAR.py, line 96)
所在位置 行:1 字符: 61
+ ... ch-Object { pytho
n -m py_compile $_.Full
Name 2>> compile_errors
.txt } ...
+                 ~~~~~
~~~~~~~~~~~~~~~~~~~~~~~
~~~~~~~~~~~~~~~~~~~~~~~
~~~~
    + CategoryInfo     
         : NotSpecifi  
  ed: (Sorry: Indent   
 at...AR.py, line 9    
6):String) [], Rem    o
teException
    + FullyQualifiedEr 
   rorId : NativeComm  
  andError
 
python : Sorry: Indenta
tionError: unexpected i
ndent (OmniGenV2_Ablati
on_noVAR_Aircraft_AR.py
, line 96)
所在位置 行:1 字符: 61
+ ... ch-Object { pytho
n -m py_compile $_.Full
Name 2>> compile_errors
.txt } ...
+                 ~~~~~
~~~~~~~~~~~~~~~~~~~~~~~
~~~~~~~~~~~~~~~~~~~~~~~
~~~~
    + CategoryInfo     
         : NotSpecifi  
  ed: (Sorry: Indent   
 at...AR.py, line 9    
6):String) [], Rem    o
teException
    + FullyQualifiedEr 
   rorId : NativeComm  
  andError
 
python :   File "E:\Ima
geRAG-main\src\experime
nts\OmniGenV2_BC_MGR_Ai
rcraft.py", line 129
所在位置 行:1 字符: 61
+ ... ch-Object { pytho
n -m py_compile $_.Full
Name 2>> compile_errors
.txt } ...
+                 ~~~~~
~~~~~~~~~~~~~~~~~~~~~~~
~~~~~~~~~~~~~~~~~~~~~~~
~~~~
    + CategoryInfo     
         : NotSpecifi  
  ed: (  File "E:\Im   
 ag...t.py", line 1    
29:String) [], Rem    o
teException
    + FullyQualifiedEr 
   rorId : NativeComm  
  andError
 
    print("Initializing
 Client...")
    ^^^^^
SyntaxError: expected '
except' or 'finally' bl
ock
python :   File "E:\Ima
geRAG-main\src\experime
nts\OmniGenV2_BC_SR_CUB
.py", line 125
所在位置 行:1 字符: 61
+ ... ch-Object { pytho
n -m py_compile $_.Full
Name 2>> compile_errors
.txt } ...
+                 ~~~~~
~~~~~~~~~~~~~~~~~~~~~~~
~~~~~~~~~~~~~~~~~~~~~~~
~~~~
    + CategoryInfo     
         : NotSpecifi  
  ed: (  File "E:\Im   
 ag...B.py", line 1    
25:String) [], Rem    o
teException
    + FullyQualifiedEr 
   rorId : NativeComm  
  andError
 
    Client...")
             ^
SyntaxError: unterminat
ed string literal (dete
cted at line 125)
python : Sorry: Indenta
tionError: unexpected i
ndent (OmniGenV2_TAC_DI
NO_Importance_Aircraft.
py, line 96)
所在位置 行:1 字符: 61
+ ... ch-Object { pytho
n -m py_compile $_.Full
Name 2>> compile_errors
.txt } ...
+                 ~~~~~
~~~~~~~~~~~~~~~~~~~~~~~
~~~~~~~~~~~~~~~~~~~~~~~
~~~~
    + CategoryInfo     
         : NotSpecifi  
  ed: (Sorry: Indent   
 at...ft.py, line 9    
6):String) [], Rem    o
teException
    + FullyQualifiedEr 
   rorId : NativeComm  
  andError
 
python : Sorry: Indenta
tionError: unexpected i
ndent (OmniGenV2_TAC_DI
NO_Importance_Aircraft_
AR.py, line 96)
所在位置 行:1 字符: 61
+ ... ch-Object { pytho
n -m py_compile $_.Full
Name 2>> compile_errors
.txt } ...
+                 ~~~~~
~~~~~~~~~~~~~~~~~~~~~~~
~~~~~~~~~~~~~~~~~~~~~~~
~~~~
    + CategoryInfo     
         : NotSpecifi  
  ed: (Sorry: Indent   
 at...AR.py, line 9    
6):String) [], Rem    o
teException
    + FullyQualifiedEr 
   rorId : NativeComm  
  andError
 
python : Sorry: Indenta
tionError: unexpected i
ndent (OmniGenV2_TAC_DI
NO_MaskedInjection_Airc
raft.py, line 96)
所在位置 行:1 字符: 61
+ ... ch-Object { pytho
n -m py_compile $_.Full
Name 2>> compile_errors
.txt } ...
+                 ~~~~~
~~~~~~~~~~~~~~~~~~~~~~~
~~~~~~~~~~~~~~~~~~~~~~~
~~~~
    + CategoryInfo     
         : NotSpecifi  
  ed: (Sorry: Indent   
 at...ft.py, line 9    
6):String) [], Rem    o
teException
    + FullyQualifiedEr 
   rorId : NativeComm  
  andError
 
python :   File "E:\Ima
geRAG-main\src\experime
nts\OmniGenV2_TAC_noRAG
_Aircraft.py", line 157
所在位置 行:1 字符: 61
+ ... ch-Object { pytho
n -m py_compile $_.Full
Name 2>> compile_errors
.txt } ...
+                 ~~~~~
~~~~~~~~~~~~~~~~~~~~~~~
~~~~~~~~~~~~~~~~~~~~~~~
~~~~
    + CategoryInfo     
         : NotSpecifi  
  ed: (  File "E:\Im   
 ag...t.py", line 1    
57:String) [], Rem    o
teException
    + FullyQualifiedEr 
   rorId : NativeComm  
  andError
 
    client = openai.Ope
nAI(
                       
   ^
SyntaxError: '(' was ne
ver closed
python :   File "E:\Ima
geRAG-main\src\experime
nts\OmniGenV2_TAC_VAR_A
ircraft.py", line 180
所在位置 行:1 字符: 61
+ ... ch-Object { pytho
n -m py_compile $_.Full
Name 2>> compile_errors
.txt } ...
+                 ~~~~~
~~~~~~~~~~~~~~~~~~~~~~~
~~~~~~~~~~~~~~~~~~~~~~~
~~~~
    + CategoryInfo     
         : NotSpecifi  
  ed: (  File "E:\Im   
 ag...t.py", line 1    
80:String) [], Rem    o
teException
    + FullyQualifiedEr 
   rorId : NativeComm  
  andError
 
    except: pass
    ^^^^^^^^^^^^
SyntaxError: default 'e
xcept:' must be last
python : Sorry: Indenta
tionError: unexpected i
ndent (OmniGenV2_Ablati
on_noDINO.py, line 96)
所在位置 行:1 字符: 61
+ ... ach-Object { pyth
on -m py_compile $_.Ful
lName 2>> compile_error
s.txt}
+                  ~~~~
~~~~~~~~~~~~~~~~~~~~~~~
~~~~~~~~~~~~~~~~~~~~~~~
~~~~~
    + CategoryInfo     
         : NotSpecifi  
  ed: (Sorry: Indent   
 at...NO.py, line 9    
6):String) [], Rem    o
teException
    + FullyQualifiedEr 
   rorId : NativeComm  
  andError
 
python : Sorry: Indenta
tionError: unexpected i
ndent (OmniGenV2_Ablati
on_noDINO_Aircraft_AR.p
y, line 96)
所在位置 行:1 字符: 61
+ ... ach-Object { pyth
on -m py_compile $_.Ful
lName 2>> compile_error
s.txt}
+                  ~~~~
~~~~~~~~~~~~~~~~~~~~~~~
~~~~~~~~~~~~~~~~~~~~~~~
~~~~~
    + CategoryInfo     
         : NotSpecifi  
  ed: (Sorry: Indent   
 at...AR.py, line 9    
6):String) [], Rem    o
teException
    + FullyQualifiedEr 
   rorId : NativeComm  
  andError
 
python : Sorry: Indenta
tionError: unexpected i
ndent (OmniGenV2_Ablati
on_noInputDecomp.py, li
ne 96)
所在位置 行:1 字符: 61
+ ... ach-Object { pyth
on -m py_compile $_.Ful
lName 2>> compile_error
s.txt}
+                  ~~~~
~~~~~~~~~~~~~~~~~~~~~~~
~~~~~~~~~~~~~~~~~~~~~~~
~~~~~
    + CategoryInfo     
         : NotSpecifi  
  ed: (Sorry: Indent   
 at...mp.py, line 9    
6):String) [], Rem    o
teException
    + FullyQualifiedEr 
   rorId : NativeComm  
  andError
 
python : Sorry: Indenta
tionError: unexpected i
ndent (OmniGenV2_Ablati
on_noInputDecomp_Aircra
ft_AR.py, line 96)
所在位置 行:1 字符: 61
+ ... ach-Object { pyth
on -m py_compile $_.Ful
lName 2>> compile_error
s.txt}
+                  ~~~~
~~~~~~~~~~~~~~~~~~~~~~~
~~~~~~~~~~~~~~~~~~~~~~~
~~~~~
    + CategoryInfo     
         : NotSpecifi  
  ed: (Sorry: Indent   
 at...AR.py, line 9    
6):String) [], Rem    o
teException
    + FullyQualifiedEr 
   rorId : NativeComm  
  andError
 
python : Sorry: Indenta
tionError: unexpected i
ndent (OmniGenV2_Ablati
on_noTAC.py, line 96)
所在位置 行:1 字符: 61
+ ... ach-Object { pyth
on -m py_compile $_.Ful
lName 2>> compile_error
s.txt}
+                  ~~~~
~~~~~~~~~~~~~~~~~~~~~~~
~~~~~~~~~~~~~~~~~~~~~~~
~~~~~
    + CategoryInfo     
         : NotSpecifi  
  ed: (Sorry: Indent   
 at...AC.py, line 9    
6):String) [], Rem    o
teException
    + FullyQualifiedEr 
   rorId : NativeComm  
  andError
 
python : Sorry: Indenta
tionError: unexpected i
ndent (OmniGenV2_Ablati
on_noTAC_Aircraft_AR.py
, line 96)
所在位置 行:1 字符: 61
+ ... ach-Object { pyth
on -m py_compile $_.Ful
lName 2>> compile_error
s.txt}
+                  ~~~~
~~~~~~~~~~~~~~~~~~~~~~~
~~~~~~~~~~~~~~~~~~~~~~~
~~~~~
    + CategoryInfo     
         : NotSpecifi  
  ed: (Sorry: Indent   
 at...AR.py, line 9    
6):String) [], Rem    o
teException
    + FullyQualifiedEr 
   rorId : NativeComm  
  andError
 
python : Sorry: Indenta
tionError: unexpected i
ndent (OmniGenV2_Ablati
on_noVAR.py, line 96)
所在位置 行:1 字符: 61
+ ... ach-Object { pyth
on -m py_compile $_.Ful
lName 2>> compile_error
s.txt}
+                  ~~~~
~~~~~~~~~~~~~~~~~~~~~~~
~~~~~~~~~~~~~~~~~~~~~~~
~~~~~
    + CategoryInfo     
         : NotSpecifi  
  ed: (Sorry: Indent   
 at...AR.py, line 9    
6):String) [], Rem    o
teException
    + FullyQualifiedEr 
   rorId : NativeComm  
  andError
 
python : Sorry: Indenta
tionError: unexpected i
ndent (OmniGenV2_Ablati
on_noVAR_Aircraft_AR.py
, line 96)
所在位置 行:1 字符: 61
+ ... ach-Object { pyth
on -m py_compile $_.Ful
lName 2>> compile_error
s.txt}
+                  ~~~~
~~~~~~~~~~~~~~~~~~~~~~~
~~~~~~~~~~~~~~~~~~~~~~~
~~~~~
    + CategoryInfo     
         : NotSpecifi  
  ed: (Sorry: Indent   
 at...AR.py, line 9    
6):String) [], Rem    o
teException
    + FullyQualifiedEr 
   rorId : NativeComm  
  andError
 
python :   File "E:\Ima
geRAG-main\src\experime
nts\OmniGenV2_BC_MGR_Ai
rcraft.py", line 129
所在位置 行:1 字符: 61
+ ... ach-Object { pyth
on -m py_compile $_.Ful
lName 2>> compile_error
s.txt}
+                  ~~~~
~~~~~~~~~~~~~~~~~~~~~~~
~~~~~~~~~~~~~~~~~~~~~~~
~~~~~
    + CategoryInfo     
         : NotSpecifi  
  ed: (  File "E:\Im   
 ag...t.py", line 1    
29:String) [], Rem    o
teException
    + FullyQualifiedEr 
   rorId : NativeComm  
  andError
 
    print("Initializing
 Client...")
    ^^^^^
SyntaxError: expected '
except' or 'finally' bl
ock
python :   File "E:\Ima
geRAG-main\src\experime
nts\OmniGenV2_BC_SR_CUB
.py", line 125
所在位置 行:1 字符: 61
+ ... ach-Object { pyth
on -m py_compile $_.Ful
lName 2>> compile_error
s.txt}
+                  ~~~~
~~~~~~~~~~~~~~~~~~~~~~~
~~~~~~~~~~~~~~~~~~~~~~~
~~~~~
    + CategoryInfo     
         : NotSpecifi  
  ed: (  File "E:\Im   
 ag...B.py", line 1    
25:String) [], Rem    o
teException
    + FullyQualifiedEr 
   rorId : NativeComm  
  andError
 
    Client...")
             ^
SyntaxError: unterminat
ed string literal (dete
cted at line 125)
python : Sorry: Indenta
tionError: unexpected i
ndent (OmniGenV2_TAC_DI
NO_Importance_Aircraft.
py, line 96)
所在位置 行:1 字符: 61
+ ... ach-Object { pyth
on -m py_compile $_.Ful
lName 2>> compile_error
s.txt}
+                  ~~~~
~~~~~~~~~~~~~~~~~~~~~~~
~~~~~~~~~~~~~~~~~~~~~~~
~~~~~
    + CategoryInfo     
         : NotSpecifi  
  ed: (Sorry: Indent   
 at...ft.py, line 9    
6):String) [], Rem    o
teException
    + FullyQualifiedEr 
   rorId : NativeComm  
  andError
 
python : Sorry: Indenta
tionError: unexpected i
ndent (OmniGenV2_TAC_DI
NO_Importance_Aircraft_
AR.py, line 96)
所在位置 行:1 字符: 61
+ ... ach-Object { pyth
on -m py_compile $_.Ful
lName 2>> compile_error
s.txt}
+                  ~~~~
~~~~~~~~~~~~~~~~~~~~~~~
~~~~~~~~~~~~~~~~~~~~~~~
~~~~~
    + CategoryInfo     
         : NotSpecifi  
  ed: (Sorry: Indent   
 at...AR.py, line 9    
6):String) [], Rem    o
teException
    + FullyQualifiedEr 
   rorId : NativeComm  
  andError
 
python : Sorry: Indenta
tionError: unexpected i
ndent (OmniGenV2_TAC_DI
NO_MaskedInjection_Airc
raft.py, line 96)
所在位置 行:1 字符: 61
+ ... ach-Object { pyth
on -m py_compile $_.Ful
lName 2>> compile_error
s.txt}
+                  ~~~~
~~~~~~~~~~~~~~~~~~~~~~~
~~~~~~~~~~~~~~~~~~~~~~~
~~~~~
    + CategoryInfo     
         : NotSpecifi  
  ed: (Sorry: Indent   
 at...ft.py, line 9    
6):String) [], Rem    o
teException
    + FullyQualifiedEr 
   rorId : NativeComm  
  andError
 
python :   File "E:\Ima
geRAG-main\src\experime
nts\OmniGenV2_TAC_noRAG
_Aircraft.py", line 157
所在位置 行:1 字符: 61
+ ... ach-Object { pyth
on -m py_compile $_.Ful
lName 2>> compile_error
s.txt}
+                  ~~~~
~~~~~~~~~~~~~~~~~~~~~~~
~~~~~~~~~~~~~~~~~~~~~~~
~~~~~
    + CategoryInfo     
         : NotSpecifi  
  ed: (  File "E:\Im   
 ag...t.py", line 1    
57:String) [], Rem    o
teException
    + FullyQualifiedEr 
   rorId : NativeComm  
  andError
 
    client = openai.Ope
nAI(
                       
   ^
SyntaxError: '(' was ne
ver closed
